bullseye29: unmatched 0 of 42 (1 taken as passed through)
emCatch25: unmatched 1 of 20
emGlass25: unmatched 0 of 20 (1 taken as passed through)
emRubber25: unmatched 0 of 17
fan98: unmatched 0 of 40 (1 taken as passed through)
fanIce25: unmatched 0 of 8 (1 taken as passed through)
hot32: unmatched 0 of 207 (2 taken as passed through)
lever61: unmatched 0 of 435
levers62: unmatched 2 of 108
lipsIce: unmatched 0 of 273 (3 taken as passed through)
lipsStone: unmatched 0 of 3 (1 taken as passed through)
magnets13: unmatched 3 of 628 (1 taken as passed through)
magnets3: unmatched 2 of 870 (1 taken as passed through)
magnets33: unmatched 4 of 39 (1 taken as passed through)
mode0: unmatched 0 of 229 (1 taken as passed through)
mode1back: unmatched 1 of 46 (2 taken as passed through)
mode1left: unmatched 1 of 39 (2 taken as passed through)
pull11: unmatched 0 of 476
pull6: unmatched 0 of 133 (2 taken as passed through)
rack71: unmatched 0 of 236
smileyGlass46: unmatched 0 of 170
smileyRubber46: unmatched 0 of 228
suckhole22: unmatched 0 of 227 (1 taken as passed through)
