bin60: unmatched 0 of 121
bin64: unmatched 0 of 118 (1 taken as passed through)
bin69: unmatched 0 of 158
block96: unmatched 0 of 152
break36: unmatched 0 of 37 (2 taken as passed through)
break38: unmatched 0 of 135 (1 taken as passed through)
break49: unmatched 0 of 26 (1 taken as passed through)
break66: unmatched 0 of 34 (1 taken as passed through)
bullseye29: unmatched 0 of 42 (1 taken as passed through)
door13: unmatched 0 of 189
emCatch25: unmatched 1 of 20
emGlass25: unmatched 0 of 20 (1 taken as passed through)
emRubber25: unmatched 0 of 17
fan98: unmatched 0 of 40 (1 taken as passed through)
fanIce25: unmatched 0 of 8 (1 taken as passed through)
gate18: unmatched 0 of 59 (3 taken as passed through)
gate2: unmatched 0 of 111
goal91: unmatched 0 of 51
greet96: unmatched 0 of 329
hot32: unmatched 0 of 207 (2 taken as passed through)
lever61: unmatched 0 of 435
levers62: unmatched 2 of 108
lipsIce: unmatched 0 of 273 (3 taken as passed through)
lipsStone: unmatched 0 of 3 (1 taken as passed through)
magball13: unmatched 0 of 1124 (1 taken as passed through)
magnets13: unmatched 3 of 628 (1 taken as passed through)
magnets3: unmatched 2 of 870 (1 taken as passed through)
magnets33: unmatched 2 of 39 (2 taken as passed through)
magnets55: unmatched 1 of 706
mode0: unmatched 0 of 229 (1 taken as passed through)
mode1back: unmatched 1 of 46 (2 taken as passed through)
mode1left: unmatched 1 of 39 (2 taken as passed through)
pit96: unmatched 0 of 317 (1 taken as passed through)
press54: unmatched 0 of 48
pull11: unmatched 0 of 476
pull6: unmatched 0 of 133 (2 taken as passed through)
rack71: unmatched 0 of 236
slot18: unmatched 0 of 124 (1 taken as passed through)
smileyGlass46: unmatched 0 of 170
smileyRubber46: unmatched 0 of 228
suckhole22: unmatched 0 of 227 (1 taken as passed through)
up54: unmatched 0 of 93
up54ball: unmatched 0 of 286 (1 taken as passed through)
wall17: unmatched 0 of 278
